Archive member included       because of file (symbol)

/usr/local/arm_tools/arm-elf/lib/libc.a(__uClibc_main.o)
                              /usr/local/arm_tools/arm-elf/lib/crt0.o (__uClibc_main)
/usr/local/arm_tools/arm-elf/lib/libc.a(__errno_location.o)
                              /usr/local/arm_tools/arm-elf/lib/libc.a(__uClibc_main.o) (__errno_location)
/usr/local/arm_tools/arm-elf/lib/libc.a(__h_errno_location.o)
                              /usr/local/arm_tools/arm-elf/lib/libc.a(__uClibc_main.o) (__h_errno_location)
/usr/local/arm_tools/arm-elf/lib/libc.a(weaks.o)
                              /usr/local/arm_tools/arm-elf/lib/libc.a(__uClibc_main.o) (__pthread_initialize_minimal)
/usr/local/arm_tools/arm-elf/lib/libc.a(_stdio_init.o)
                              /usr/local/arm_tools/arm-elf/lib/libc.a(__uClibc_main.o) (_stdio_init)
/usr/local/arm_tools/arm-elf/lib/libc.a(printf.o)
                              shutdown.o (printf)
/usr/local/arm_tools/arm-elf/lib/libc.a(vfprintf.o)
                              /usr/local/arm_tools/arm-elf/lib/libc.a(printf.o) (vfprintf)
/usr/local/arm_tools/arm-elf/lib/libc.a(_store_inttype.o)
                              /usr/local/arm_tools/arm-elf/lib/libc.a(vfprintf.o) (_store_inttype)
/usr/local/arm_tools/arm-elf/lib/libc.a(_load_inttype.o)
                              /usr/local/arm_tools/arm-elf/lib/libc.a(vfprintf.o) (_load_inttype)
/usr/local/arm_tools/arm-elf/lib/libc.a(memcpy.o)
                              /usr/local/arm_tools/arm-elf/lib/libc.a(_stdio_init.o) (memcpy)
/usr/local/arm_tools/arm-elf/lib/libc.a(strcmp.o)
                              shutdown.o (strcmp)
/usr/local/arm_tools/arm-elf/lib/libc.a(strlen.o)
                              /usr/local/arm_tools/arm-elf/lib/libc.a(vfprintf.o) (strlen)
/usr/local/arm_tools/arm-elf/lib/libc.a(strnlen.o)
                              /usr/local/arm_tools/arm-elf/lib/libc.a(vfprintf.o) (strnlen)
/usr/local/arm_tools/arm-elf/lib/libc.a(_glibc_strerror_r.o)
                              /usr/local/arm_tools/arm-elf/lib/libc.a(vfprintf.o) (_glibc_strerror_r)
/usr/local/arm_tools/arm-elf/lib/libc.a(isatty.o)
                              /usr/local/arm_tools/arm-elf/lib/libc.a(_stdio_init.o) (isatty)
/usr/local/arm_tools/arm-elf/lib/libc.a(tcgetattr.o)
                              /usr/local/arm_tools/arm-elf/lib/libc.a(isatty.o) (tcgetattr)
/usr/local/arm_tools/arm-elf/lib/libc.a(signal.o)
                              shutdown.o (signal)
/usr/local/arm_tools/arm-elf/lib/libc.a(sigsetops.o)
                              /usr/local/arm_tools/arm-elf/lib/libc.a(signal.o) (__sigismember)
/usr/local/arm_tools/arm-elf/lib/libc.a(atol.o)
                              shutdown.o (atoi)
/usr/local/arm_tools/arm-elf/lib/libc.a(strtol.o)
                              /usr/local/arm_tools/arm-elf/lib/libc.a(atol.o) (strtol)
/usr/local/arm_tools/arm-elf/lib/libc.a(_stdlib_strto_l.o)
                              /usr/local/arm_tools/arm-elf/lib/libc.a(strtol.o) (_stdlib_strto_l)
/usr/local/arm_tools/arm-elf/lib/libc.a(atexit.o)
                              /usr/local/arm_tools/arm-elf/lib/libc.a(__uClibc_main.o) (atexit)
/usr/local/arm_tools/arm-elf/lib/libc.a(__exit_handler.o)
                              /usr/local/arm_tools/arm-elf/lib/libc.a(atexit.o) (__exit_count)
/usr/local/arm_tools/arm-elf/lib/libc.a(exit.o)
                              /usr/local/arm_tools/arm-elf/lib/libc.a(atexit.o) (__exit_cleanup)
/usr/local/arm_tools/arm-elf/lib/libc.a(abort.o)
                              /usr/local/arm_tools/arm-elf/lib/crt0.o (abort)
/usr/local/arm_tools/arm-elf/lib/libc.a(free.o)
                              /usr/local/arm_tools/arm-elf/lib/libc.a(__exit_handler.o) (free)
/usr/local/arm_tools/arm-elf/lib/libc.a(realloc.o)
                              /usr/local/arm_tools/arm-elf/lib/libc.a(atexit.o) (realloc)
/usr/local/arm_tools/arm-elf/lib/libc.a(heap_alloc_at.o)
                              /usr/local/arm_tools/arm-elf/lib/libc.a(realloc.o) (__heap_alloc_at)
/usr/local/arm_tools/arm-elf/lib/libc.a(heap_free.o)
                              /usr/local/arm_tools/arm-elf/lib/libc.a(free.o) (__heap_free)
/usr/local/arm_tools/arm-elf/lib/libc.a(setpgrp.o)
                              shutdown.o (setpgrp)
/usr/local/arm_tools/arm-elf/lib/libc.a(_exit.o)
                              /usr/local/arm_tools/arm-elf/lib/libc.a(exit.o) (_exit)
/usr/local/arm_tools/arm-elf/lib/libc.a(sync.o)
                              shutdown.o (sync)
/usr/local/arm_tools/arm-elf/lib/libc.a(__libc_read.o)
                              /usr/local/arm_tools/arm-elf/lib/libc.a(_stdio_init.o) (read)
/usr/local/arm_tools/arm-elf/lib/libc.a(__libc_write.o)
                              /usr/local/arm_tools/arm-elf/lib/libc.a(_stdio_init.o) (write)
/usr/local/arm_tools/arm-elf/lib/libc.a(__libc_close.o)
                              /usr/local/arm_tools/arm-elf/lib/libc.a(_stdio_init.o) (close)
/usr/local/arm_tools/arm-elf/lib/libc.a(__syscall_kill.o)
                              shutdown.o (kill)
/usr/local/arm_tools/arm-elf/lib/libc.a(__syscall_ioctl.o)
                              /usr/local/arm_tools/arm-elf/lib/libc.a(tcgetattr.o) (ioctl)
/usr/local/arm_tools/arm-elf/lib/libc.a(__syscall_setpgid.o)
                              /usr/local/arm_tools/arm-elf/lib/libc.a(setpgrp.o) (setpgid)
/usr/local/arm_tools/arm-elf/lib/libc.a(_reboot.o)
                              shutdown.o (reboot)
/usr/local/arm_tools/arm-elf/lib/libc.a(munmap.o)
                              /usr/local/arm_tools/arm-elf/lib/libc.a(free.o) (munmap)
/usr/local/arm_tools/arm-elf/lib/libc.a(__rt_sigprocmask.o)
                              /usr/local/arm_tools/arm-elf/lib/libc.a(abort.o) (sigprocmask)
/usr/local/arm_tools/arm-elf/lib/libc.a(sleep.o)
                              shutdown.o (sleep)
/usr/local/arm_tools/arm-elf/lib/libc.a(isspace.o)
                              /usr/local/arm_tools/arm-elf/lib/libc.a(_stdlib_strto_l.o) (isspace)
/usr/local/arm_tools/arm-elf/lib/libc.a(errno.o)
                              /usr/local/arm_tools/arm-elf/lib/libc.a(__errno_location.o) (errno)
/usr/local/arm_tools/arm-elf/lib/libc.a(fflush.o)
                              /usr/local/arm_tools/arm-elf/lib/libc.a(_stdio_init.o) (fflush_unlocked)
/usr/local/arm_tools/arm-elf/lib/libc.a(fputs.o)
                              /usr/local/arm_tools/arm-elf/lib/libc.a(vfprintf.o) (fputs)
/usr/local/arm_tools/arm-elf/lib/libc.a(_stdio_fwrite.o)
                              /usr/local/arm_tools/arm-elf/lib/libc.a(vfprintf.o) (_stdio_fwrite)
/usr/local/arm_tools/arm-elf/lib/libc.a(_stdio_lseek.o)
                              /usr/local/arm_tools/arm-elf/lib/libc.a(_stdio_fwrite.o) (_stdio_lseek)
/usr/local/arm_tools/arm-elf/lib/libc.a(_uintmaxtostr.o)
                              /usr/local/arm_tools/arm-elf/lib/libc.a(vfprintf.o) (_uintmaxtostr)
/usr/local/arm_tools/arm-elf/lib/libc.a(_ppfs_init.o)
                              /usr/local/arm_tools/arm-elf/lib/libc.a(vfprintf.o) (_ppfs_init)
/usr/local/arm_tools/arm-elf/lib/libc.a(_ppfs_prepargs.o)
                              /usr/local/arm_tools/arm-elf/lib/libc.a(vfprintf.o) (_ppfs_prepargs)
/usr/local/arm_tools/arm-elf/lib/libc.a(_ppfs_setargs.o)
                              /usr/local/arm_tools/arm-elf/lib/libc.a(vfprintf.o) (_ppfs_setargs)
/usr/local/arm_tools/arm-elf/lib/libc.a(_ppfs_parsespec.o)
                              /usr/local/arm_tools/arm-elf/lib/libc.a(vfprintf.o) (_custom_printf_spec)
/usr/local/arm_tools/arm-elf/lib/libc.a(mempcpy.o)
                              /usr/local/arm_tools/arm-elf/lib/libc.a(tcgetattr.o) (mempcpy)
/usr/local/arm_tools/arm-elf/lib/libc.a(memset.o)
                              /usr/local/arm_tools/arm-elf/lib/libc.a(tcgetattr.o) (memset)
/usr/local/arm_tools/arm-elf/lib/libc.a(_susv3_strerror_r.o)
                              /usr/local/arm_tools/arm-elf/lib/libc.a(_glibc_strerror_r.o) (_susv3_strerror_r)
/usr/local/arm_tools/arm-elf/lib/libc.a(_string_syserrmsgs.o)
                              /usr/local/arm_tools/arm-elf/lib/libc.a(_susv3_strerror_r.o) (_string_syserrmsgs)
/usr/local/arm_tools/arm-elf/lib/libc.a(raise.o)
                              /usr/local/arm_tools/arm-elf/lib/libc.a(abort.o) (raise)
/usr/local/arm_tools/arm-elf/lib/libc.a(sigaction.o)
                              /usr/local/arm_tools/arm-elf/lib/libc.a(signal.o) (sigaction)
/usr/local/arm_tools/arm-elf/lib/libc.a(malloc.o)
                              /usr/local/arm_tools/arm-elf/lib/libc.a(free.o) (__malloc_heap)
/usr/local/arm_tools/arm-elf/lib/libc.a(heap_alloc.o)
                              /usr/local/arm_tools/arm-elf/lib/libc.a(malloc.o) (__heap_alloc)
/usr/local/arm_tools/arm-elf/lib/libc.a(llseek.o)
                              /usr/local/arm_tools/arm-elf/lib/libc.a(_stdio_lseek.o) (lseek64)
/usr/local/arm_tools/arm-elf/lib/libc.a(__libc_getpid.o)
                              /usr/local/arm_tools/arm-elf/lib/libc.a(raise.o) (getpid)
/usr/local/arm_tools/arm-elf/lib/libc.a(_mmap.o)
                              /usr/local/arm_tools/arm-elf/lib/libc.a(malloc.o) (mmap)
/usr/local/arm_tools/arm-elf/lib/libc.a(__libc_nanosleep.o)
                              /usr/local/arm_tools/arm-elf/lib/libc.a(sleep.o) (nanosleep)
/usr/local/arm_tools/arm-elf/lib/libc.a(__syscall_rt_sigaction.o)
                              /usr/local/arm_tools/arm-elf/lib/libc.a(sigaction.o) (__syscall_rt_sigaction)
/usr/local/arm_tools/arm-elf/lib/libc.a(sigrestorer.o)
                              /usr/local/arm_tools/arm-elf/lib/libc.a(sigaction.o) (__default_sa_restorer)
/usr/local/arm_tools/arm-elf/lib/libc.a(fseek.o)
                              /usr/local/arm_tools/arm-elf/lib/libc.a(_stdio_fwrite.o) (fseek)
/usr/local/arm_tools/arm-elf/lib/libc.a(fseeko64.o)
                              /usr/local/arm_tools/arm-elf/lib/libc.a(fseek.o) (fseeko64)
/usr/local/arm_tools/arm-elf/lib/libc.a(_stdio_adjpos.o)
                              /usr/local/arm_tools/arm-elf/lib/libc.a(fseeko64.o) (_stdio_adjpos)
/usr/local/arm_tools/lib/gcc-lib/arm-elf/3.0/libgcc.a(_udivsi3.o)
                              /usr/local/arm_tools/arm-elf/lib/libc.a(_stdlib_strto_l.o) (__udivsi3)
/usr/local/arm_tools/lib/gcc-lib/arm-elf/3.0/libgcc.a(_umodsi3.o)
                              /usr/local/arm_tools/arm-elf/lib/libc.a(_stdlib_strto_l.o) (__umodsi3)
/usr/local/arm_tools/lib/gcc-lib/arm-elf/3.0/libgcc.a(_dvmd_tls.o)
                              /usr/local/arm_tools/lib/gcc-lib/arm-elf/3.0/libgcc.a(_udivsi3.o) (__div0)
/usr/local/arm_tools/lib/gcc-lib/arm-elf/3.0/libgcc.a(__main.o)
                              shutdown.o (__gccmain)
/usr/local/arm_tools/lib/gcc-lib/arm-elf/3.0/libgcc.a(_ctors.o)
                              /usr/local/arm_tools/lib/gcc-lib/arm-elf/3.0/libgcc.a(__main.o) (__CTOR_LIST__)
/usr/local/arm_tools/lib/gcc-lib/arm-elf/3.0/libgcc.a(unwind-dw2-fde.o)
                              /usr/local/arm_tools/lib/gcc-lib/arm-elf/3.0/libgcc.a(__main.o) (__register_frame_info)
/usr/local/arm_tools/lib/gcc-lib/arm-elf/3.0/libgcc.a(unwind-sjlj.o)
                              /usr/local/arm_tools/lib/gcc-lib/arm-elf/3.0/libgcc.a(unwind-dw2-fde.o) (_Unwind_GetRegionStart)

Allocating common symbols
Common symbol       size              file

_custom_printf_arginfo
                    0x28              /usr/local/arm_tools/arm-elf/lib/libc.a(_ppfs_parsespec.o)
__EH_FRAME_BEGIN__  0x4               /usr/local/arm_tools/lib/gcc-lib/arm-elf/3.0/libgcc.a(__main.o)
_sigintr            0x80              /usr/local/arm_tools/arm-elf/lib/libc.a(signal.o)
_custom_printf_handler
                    0x28              /usr/local/arm_tools/arm-elf/lib/libc.a(_ppfs_parsespec.o)

Memory Configuration

Name             Origin             Length             Attributes
flatmem          0x00000000         0x00100000
*default*        0x00000000         0xffffffff

Linker script and memory map

LOAD /usr/local/arm_tools/arm-elf/lib/crt0.o

.text           0x00000000     0x4cd0
                0x00000000                .=ALIGN(0x4)
                0x00000000                _stext=.
                0x00000000                _start=.
 *(.text)
 .text          0x00000000       0x18 /usr/local/arm_tools/arm-elf/lib/crt0.o
 .text          0x00000018      0x15c shutdown.o
                0x00000018                main
 .text          0x00000174      0x128 /usr/local/arm_tools/arm-elf/lib/libc.a(__uClibc_main.o)
                0x00000174                __uClibc_init
                0x0000027c                __uClibc_main
                0x000001d0                __uClibc_start_main
 .text          0x0000029c        0xc /usr/local/arm_tools/arm-elf/lib/libc.a(__errno_location.o)
                0x0000029c                __errno_location
 .text          0x000002a8        0xc /usr/local/arm_tools/arm-elf/lib/libc.a(__h_errno_location.o)
                0x000002a8                __h_errno_location
 .text          0x000002b4       0x28 /usr/local/arm_tools/arm-elf/lib/libc.a(weaks.o)
                0x000002c8                pthread_cond_signal
                0x000002c8                pthread_mutexattr_gettype
                0x000002c8                pthread_attr_destroy
                0x000002c8                pthread_attr_getstacksize
                0x000002c8                __pthread_once
                0x000002d8                __pthread_return_void
                0x000002c8                pthread_rwlock_rdlock
                0x000002c8                pthread_attr_init
                0x000002c8                pthread_rwlock_init
                0x000002b4                pthread_exit
                0x000002c8                pthread_rwlockattr_setpshared
                0x000002c8                pthread_condattr_init
                0x000002c8                pthread_attr_getstackaddr
                0x000002c8                pthread_mutexattr_destroy
                0x000002d0                pthread_equal
                0x000002c8                pthread_attr_getscope
                0x000002c8                pthread_rwlock_destroy
                0x000002c8                pthread_rwlock_unlock
                0x000002c8                pthread_attr_getinheritsched
                0x000002c8                pthread_attr_getschedpolicy
                0x000002c8                pthread_attr_setstackaddr
                0x000002c8                pthread_getschedparam
                0x000002c8                pthread_setcancelstate
                0x000002c8                pthread_getcancelstate
                0x000002c8                pthread_condattr_destroy
                0x000002c8                pthread_attr_setscope
                0x000002c8                pthread_cond_broadcast
                0x000002c8                pthread_attr_setinheritsched
                0x000002c8                pthread_setschedparam
                0x000002d8                __pthread_initialize_minimal
                0x000002c8                pthread_setconcurrency
                0x000002c8                pthread_attr_setstacksize
                0x000002c8                pthread_rwlock_wrlock
                0x000002c8                pthread_rwlockattr_getpshared
                0x000002c8                pthread_cond_init
                0x000002c8                pthread_rwlockattr_init
                0x000002c8                pthread_mutexattr_settype
                0x000002c8                pthread_attr_getdetachstate
                0x000002c8                pthread_mutex_unlock
                0x000002c8                pthread_rwlockattr_destroy
                0x000002c8                pthread_rwlock_trywrlock
                0x000002c8                pthread_rwlock_tryrdlock
                0x000002c8                __pthread_return_0
                0x000002c8                pthread_self
                0x000002c8                pthread_setcanceltype
                0x000002c8                pthread_mutexattr_init
                0x000002c8                pthread_mutex_destroy
                0x000002d0                __pthread_return_1
                0x000002c8                pthread_mutex_lock
                0x000002c8                pthread_cond_wait
                0x000002c8                pthread_mutex_trylock
                0x000002c8                pthread_cond_destroy
                0x000002c8                pthread_attr_setschedpolicy
                0x000002c8                pthread_mutex_init
                0x000002c8                pthread_attr_setschedparam
                0x000002c8                pthread_attr_setdetachstate
                0x000002c8                pthread_getconcurrency
                0x000002c8                pthread_cond_timedwait
                0x000002c8                pthread_attr_getschedparam
 .text          0x000002dc      0x12c /usr/local/arm_tools/arm-elf/lib/libc.a(_stdio_init.o)
                0x000002fc                _cs_close
                0x0000030c                __stdio_init_mutex
                0x00000324                _stdio_term
                0x000002dc                _cs_read
                0x000002ec                _cs_write
                0x000003c0                _stdio_init
 .text          0x00000408       0x2c /usr/local/arm_tools/arm-elf/lib/libc.a(printf.o)
                0x00000408                printf
 .text          0x00000434      0x5b0 /usr/local/arm_tools/arm-elf/lib/libc.a(vfprintf.o)
                0x00000890                vfprintf
 .text          0x000009e4       0x2c /usr/local/arm_tools/arm-elf/lib/libc.a(_store_inttype.o)
                0x000009e4                _store_inttype
 .text          0x00000a10       0x64 /usr/local/arm_tools/arm-elf/lib/libc.a(_load_inttype.o)
                0x00000a10                _load_inttype
 .text          0x00000a74       0x20 /usr/local/arm_tools/arm-elf/lib/libc.a(memcpy.o)
                0x00000a74                memcpy
 .text          0x00000a94       0x28 /usr/local/arm_tools/arm-elf/lib/libc.a(strcmp.o)
                0x00000a94                strcoll
                0x00000a94                strcmp
 .text          0x00000abc       0x24 /usr/local/arm_tools/arm-elf/lib/libc.a(strlen.o)
                0x00000abc                strlen
 .text          0x00000ae0       0x38 /usr/local/arm_tools/arm-elf/lib/libc.a(strnlen.o)
                0x00000ae0                strnlen
 .text          0x00000b18       0x1c /usr/local/arm_tools/arm-elf/lib/libc.a(_glibc_strerror_r.o)
                0x00000b18                __strerror_r
                0x00000b18                _glibc_strerror_r
 .text          0x00000b34       0x28 /usr/local/arm_tools/arm-elf/lib/libc.a(isatty.o)
                0x00000b34                isatty
 .text          0x00000b5c       0x78 /usr/local/arm_tools/arm-elf/lib/libc.a(tcgetattr.o)
                0x00000b5c                tcgetattr
 .text          0x00000bd4       0xb4 /usr/local/arm_tools/arm-elf/lib/libc.a(signal.o)
                0x00000bd4                bsd_signal
                0x00000bd4                signal
 .text          0x00000c88       0x74 /usr/local/arm_tools/arm-elf/lib/libc.a(sigsetops.o)
                0x00000cd4                __sigdelset
                0x00000cac                __sigaddset
                0x00000c88                __sigismember
 .text          0x00000cfc       0x14 /usr/local/arm_tools/arm-elf/lib/libc.a(atol.o)
                0x00000cfc                atol
                0x00000cfc                atoi
 .text          0x00000d10       0x10 /usr/local/arm_tools/arm-elf/lib/libc.a(strtol.o)
                0x00000d10                strtol
 .text          0x00000d20      0x1ac /usr/local/arm_tools/arm-elf/lib/libc.a(_stdlib_strto_l.o)
                0x00000d20                _stdlib_strto_l
 .text          0x00000ecc       0xfc /usr/local/arm_tools/arm-elf/lib/libc.a(atexit.o)
                0x00000ecc                atexit
 .text          0x00000fc8       0xd0 /usr/local/arm_tools/arm-elf/lib/libc.a(__exit_handler.o)
                0x00000fc8                __exit_handler
 .text          0x00001098       0x68 /usr/local/arm_tools/arm-elf/lib/libc.a(exit.o)
                0x00001098                exit
 .text          0x00001100      0x148 /usr/local/arm_tools/arm-elf/lib/libc.a(abort.o)
                0x00001100                abort
 .text          0x00001248      0x1cc /usr/local/arm_tools/arm-elf/lib/libc.a(free.o)
                0x00001400                free
 .text          0x00001414      0x100 /usr/local/arm_tools/arm-elf/lib/libc.a(realloc.o)
                0x00001414                realloc
 .text          0x00001514       0x94 /usr/local/arm_tools/arm-elf/lib/libc.a(heap_alloc_at.o)
                0x00001514                __heap_alloc_at
 .text          0x000015a8      0x12c /usr/local/arm_tools/arm-elf/lib/libc.a(heap_free.o)
                0x000015a8                __heap_free
 .text          0x000016d4       0x14 /usr/local/arm_tools/arm-elf/lib/libc.a(setpgrp.o)
                0x000016d4                setpgrp
 .text          0x000016e8       0x2c /usr/local/arm_tools/arm-elf/lib/libc.a(_exit.o)
                0x000016e8                _exit
 .text          0x00001714       0x2c /usr/local/arm_tools/arm-elf/lib/libc.a(sync.o)
                0x00001714                sync
 .text          0x00001740       0x34 /usr/local/arm_tools/arm-elf/lib/libc.a(__libc_read.o)
                0x00001740                __libc_read
                0x00001740                read
 .text          0x00001774       0x34 /usr/local/arm_tools/arm-elf/lib/libc.a(__libc_write.o)
                0x00001774                __write
                0x00001774                write
                0x00001774                __libc_write
 .text          0x000017a8       0x34 /usr/local/arm_tools/arm-elf/lib/libc.a(__libc_close.o)
                0x000017a8                __libc_close
                0x000017a8                close
 .text          0x000017dc       0x34 /usr/local/arm_tools/arm-elf/lib/libc.a(__syscall_kill.o)
                0x000017dc                kill
 .text          0x00001810       0x50 /usr/local/arm_tools/arm-elf/lib/libc.a(__syscall_ioctl.o)
                0x00001844                ioctl
                0x00001810                __syscall_ioctl
 .text          0x00001860       0x34 /usr/local/arm_tools/arm-elf/lib/libc.a(__syscall_setpgid.o)
                0x00001860                setpgid
 .text          0x00001894       0x54 /usr/local/arm_tools/arm-elf/lib/libc.a(_reboot.o)
                0x000018c8                reboot
                0x00001894                _reboot
 .text          0x000018e8       0x34 /usr/local/arm_tools/arm-elf/lib/libc.a(munmap.o)
                0x000018e8                munmap
 .text          0x0000191c       0x44 /usr/local/arm_tools/arm-elf/lib/libc.a(__rt_sigprocmask.o)
                0x00001950                __sigprocmask
                0x0000191c                __rt_sigprocmask
                0x00001950                sigprocmask
 .text          0x00001960       0x4c /usr/local/arm_tools/arm-elf/lib/libc.a(sleep.o)
                0x00001960                sleep
 .text          0x000019ac       0x20 /usr/local/arm_tools/arm-elf/lib/libc.a(isspace.o)
                0x000019ac                isspace
 .text          0x000019cc      0x158 /usr/local/arm_tools/arm-elf/lib/libc.a(fflush.o)
                0x000019cc                fflush
                0x00001a44                fflush_unlocked
 .text          0x00001b24       0x9c /usr/local/arm_tools/arm-elf/lib/libc.a(fputs.o)
                0x00001b84                fputs_unlocked
                0x00001b24                fputs
 .text          0x00001bc0      0x32c /usr/local/arm_tools/arm-elf/lib/libc.a(_stdio_fwrite.o)
                0x00001c40                _stdio_fwrite
 .text          0x00001eec       0x74 /usr/local/arm_tools/arm-elf/lib/libc.a(_stdio_lseek.o)
                0x00001eec                _stdio_lseek
 .text          0x00001f60      0x140 /usr/local/arm_tools/arm-elf/lib/libc.a(_uintmaxtostr.o)
                0x00001f60                _uintmaxtostr
 .text          0x000020a0       0xd8 /usr/local/arm_tools/arm-elf/lib/libc.a(_ppfs_init.o)
                0x000020a0                _ppfs_init
 .text          0x00002178       0x40 /usr/local/arm_tools/arm-elf/lib/libc.a(_ppfs_prepargs.o)
                0x00002178                _ppfs_prepargs
 .text          0x000021b8      0x178 /usr/local/arm_tools/arm-elf/lib/libc.a(_ppfs_setargs.o)
                0x000021b8                _ppfs_setargs
 .text          0x00002330      0x534 /usr/local/arm_tools/arm-elf/lib/libc.a(_ppfs_parsespec.o)
                0x000023c0                _ppfs_parsespec
 .text          0x00002864       0x1c /usr/local/arm_tools/arm-elf/lib/libc.a(mempcpy.o)
                0x00002864                mempcpy
                0x00002864                __mempcpy
 .text          0x00002880       0x1c /usr/local/arm_tools/arm-elf/lib/libc.a(memset.o)
                0x00002880                memset
 .text          0x0000289c       0xf0 /usr/local/arm_tools/arm-elf/lib/libc.a(_susv3_strerror_r.o)
                0x0000289c                _susv3_strerror_r
 .text          0x0000298c       0x20 /usr/local/arm_tools/arm-elf/lib/libc.a(raise.o)
                0x0000298c                raise
 .text          0x000029ac       0xe8 /usr/local/arm_tools/arm-elf/lib/libc.a(sigaction.o)
                0x000029ac                __libc_sigaction
                0x000029ac                sigaction
                0x000029ac                __sigaction
 .text          0x00002a94      0x164 /usr/local/arm_tools/arm-elf/lib/libc.a(malloc.o)
                0x00002bd8                malloc
 .text          0x00002bf8       0x9c /usr/local/arm_tools/arm-elf/lib/libc.a(heap_alloc.o)
                0x00002bf8                __heap_alloc
 .text          0x00002c94       0x64 /usr/local/arm_tools/arm-elf/lib/libc.a(llseek.o)
                0x00002c94                __libc_lseek64
                0x00002c94                llseek
                0x00002c94                lseek64
 .text          0x00002cf8       0x34 /usr/local/arm_tools/arm-elf/lib/libc.a(__libc_getpid.o)
                0x00002cf8                __getpid
                0x00002cf8                getpid
                0x00002cf8                __libc_getpid
 .text          0x00002d2c       0x74 /usr/local/arm_tools/arm-elf/lib/libc.a(_mmap.o)
                0x00002d60                mmap
                0x00002d2c                _mmap
 .text          0x00002da0       0x34 /usr/local/arm_tools/arm-elf/lib/libc.a(__libc_nanosleep.o)
                0x00002da0                __libc_nanosleep
                0x00002da0                nanosleep
 .text          0x00002dd4       0x34 /usr/local/arm_tools/arm-elf/lib/libc.a(__syscall_rt_sigaction.o)
                0x00002dd4                __syscall_rt_sigaction
 *fill*         0x00002e08        0x8
 .text          0x00002e10       0x20 /usr/local/arm_tools/arm-elf/lib/libc.a(sigrestorer.o)
                0x00002e10                __default_sa_restorer
                0x00002e20                __default_rt_sa_restorer
 .text          0x00002e30       0x20 /usr/local/arm_tools/arm-elf/lib/libc.a(fseek.o)
                0x00002e30                fseeko
                0x00002e30                fseek
 .text          0x00002e50      0x110 /usr/local/arm_tools/arm-elf/lib/libc.a(fseeko64.o)
                0x00002e50                fseeko64
 .text          0x00002f60       0x6c /usr/local/arm_tools/arm-elf/lib/libc.a(_stdio_adjpos.o)
                0x00002f60                _stdio_adjpos
 .text          0x00002fcc       0x98 /usr/local/arm_tools/lib/gcc-lib/arm-elf/3.0/libgcc.a(_udivsi3.o)
                0x00002fcc                __udivsi3
 .text          0x00003064       0xc0 /usr/local/arm_tools/lib/gcc-lib/arm-elf/3.0/libgcc.a(_umodsi3.o)
                0x00003064                __umodsi3
 .text          0x00003124        0x4 /usr/local/arm_tools/lib/gcc-lib/arm-elf/3.0/libgcc.a(_dvmd_tls.o)
                0x00003124                __div0
 .text          0x00003128      0x134 /usr/local/arm_tools/lib/gcc-lib/arm-elf/3.0/libgcc.a(__main.o)
                0x00003234                __gccmain
                0x00003128                __do_global_dtors
                0x000031a0                __do_global_ctors
 .text          0x0000325c     0x15f0 /usr/local/arm_tools/lib/gcc-lib/arm-elf/3.0/libgcc.a(unwind-dw2-fde.o)
                0x00003ff0                _Unwind_Find_FDE
                0x00003548                __register_frame
                0x00003600                __register_frame_table
                0x000034c4                __register_frame_info_bases
                0x00003714                __deregister_frame_info
                0x00003628                __deregister_frame_info_bases
                0x00003570                __register_frame_info_table_bases
                0x00003728                __deregister_frame
                0x000035e4                __register_frame_info_table
                0x0000352c                __register_frame_info
 .text          0x0000484c      0x480 /usr/local/arm_tools/lib/gcc-lib/arm-elf/3.0/libgcc.a(unwind-sjlj.o)
                0x00004864                _Unwind_SjLj_Unregister
                0x000048a4                _Unwind_GetIP
                0x000048d0                _Unwind_GetRegionStart
                0x00004b54                _Unwind_SjLj_ForcedUnwind
                0x0000484c                _Unwind_SjLj_Register
                0x00004c30                _Unwind_DeleteException
                0x0000499c                _Unwind_SjLj_RaiseException
                0x00004bbc                _Unwind_SjLj_Resume
                0x000048b4                _Unwind_SetIP
                0x000048e0                _Unwind_GetTextRelBase
                0x000048c4                _Unwind_GetLanguageSpecificData
                0x00004890                _Unwind_SetGR
                0x0000487c                _Unwind_GetGR
                0x000048d8                _Unwind_GetDataRelBase
 *(.text.*)
 *(.gnu.warning)
 *(.stub)
 *(.gnu.linkonce.t*)
 *(.glue_7t)
 *(.glue_7)
 *(.init)
 *fill*         0x00004ccc        0x4
                0x00004cd0                .=ALIGN(0x10)
                0x00004cd0                _etext=.

.data           0x00004cd0     0x14a0
                0x00004cd0                .=ALIGN(0x4)
                0x00004cd0                _sdata=.
                0x00004cd0                __data_start=.
                0x00004cd0                data_start=.
 *(.rela.got)
 *(.rel.got)
 *(.got.plt)
 *(.got)
                0x00004cd0        0x4 LONG 0xffffffff
 *(.rodata)
 .rodata        0x00004cd4       0x30 shutdown.o
 .rodata        0x00004d04       0x18 /usr/local/arm_tools/arm-elf/lib/libc.a(_stdio_init.o)
 .rodata        0x00004d1c       0x24 /usr/local/arm_tools/arm-elf/lib/libc.a(vfprintf.o)
 .rodata        0x00004d40       0x7c /usr/local/arm_tools/arm-elf/lib/libc.a(_ppfs_parsespec.o)
 .rodata        0x00004dbc        0xe /usr/local/arm_tools/arm-elf/lib/libc.a(_susv3_strerror_r.o)
 *fill*         0x00004dca        0x2
 .rodata        0x00004dcc      0xb5c /usr/local/arm_tools/arm-elf/lib/libc.a(_string_syserrmsgs.o)
                0x00004dcc                _string_syserrmsgs
 *(.rodata.*)
 *(.gnu.linkonce.r*)
 *(.rodata1)
 *(.data)
 .data          0x00005928        0x8 /usr/local/arm_tools/arm-elf/lib/libc.a(__uClibc_main.o)
                0x00005928                __environ
                0x00005928                environ
 .data          0x00005930      0x124 /usr/local/arm_tools/arm-elf/lib/libc.a(_stdio_init.o)
                0x00005a30                stdout
                0x00005a38                _stdio_openlist
                0x00005a2c                stdin
                0x00005a34                stderr
                0x00005a3c                _stdio_openlist_lock
 .data          0x00005a54        0xc /usr/local/arm_tools/arm-elf/lib/libc.a(__exit_handler.o)
                0x00005a58                __exit_function_table
                0x00005a54                __exit_count
                0x00005a5c                __exit_slots
 .data          0x00005a60       0x1c /usr/local/arm_tools/arm-elf/lib/libc.a(exit.o)
                0x00005a60                __exit_cleanup
                0x00005a64                mylock
 .data          0x00005a7c       0x1c /usr/local/arm_tools/arm-elf/lib/libc.a(abort.o)
 .data          0x00005a98        0x8 /usr/local/arm_tools/arm-elf/lib/libc.a(errno.o)
                0x00005a9c                _h_errno
                0x00005a98                errno
                0x00005a9c                h_errno
                0x00005a98                _errno
 .data          0x00005aa0        0x4 /usr/local/arm_tools/arm-elf/lib/libc.a(_ppfs_parsespec.o)
                0x00005aa0                _custom_printf_spec
 .data          0x00005aa4      0x16c /usr/local/arm_tools/arm-elf/lib/libc.a(malloc.o)
                0x00005ba4                __malloc_heap
                0x00005bc0                __malloc_mmapped_blocks
                0x00005bf4                __malloc_mmb_heap
 .data          0x00005c10        0x8 /usr/local/arm_tools/lib/gcc-lib/arm-elf/3.0/libgcc.a(__main.o)
 .data          0x00005c18       0x10 /usr/local/arm_tools/lib/gcc-lib/arm-elf/3.0/libgcc.a(_ctors.o)
                0x00005c18                __CTOR_LIST__
                0x00005c20                __DTOR_LIST__
 .data          0x00005c28        0x4 /usr/local/arm_tools/lib/gcc-lib/arm-elf/3.0/libgcc.a(unwind-dw2-fde.o)
 *(.data.*)
 *(.gnu.linkonce.d*)
 *(.data1)
 *(.eh_frame)
 .eh_frame      0x00005c2c      0x448 /usr/local/arm_tools/lib/gcc-lib/arm-elf/3.0/libgcc.a(unwind-dw2-fde.o)
 .eh_frame      0x00006074       0xf0 /usr/local/arm_tools/lib/gcc-lib/arm-elf/3.0/libgcc.a(unwind-sjlj.o)
 *(.gcc_except_table)
 *(.sdata)
 *(.sdata.*)
 *(.gnu.linkonce.s.*)
                0x00006164                .=ALIGN(0x4)
 *(.ctors.*)
 *(.ctors)
                0x00006164        0x4 LONG 0x0
 *(.dtors.*)
 *(.dtors)
                0x00006168        0x4 LONG 0x0
 *fill*         0x0000616c        0x4
                0x00006170                .=ALIGN(0x10)
                0x00006170                _edata=.

.bss            0x00006170      0x31c
                0x00006170                .=ALIGN(0x4)
                0x00006170                _sbss=ALIGN(0x4)
                0x00006170                __bss_start__=.
 *(.dynsbss)
 *(.sbss)
 *(.sbss.*)
 *(.scommon)
 *(.dynbss)
 *(.bss)
 .bss           0x00006170      0x200 /usr/local/arm_tools/arm-elf/lib/libc.a(_stdio_init.o)
 .bss           0x00006370        0xa /usr/local/arm_tools/arm-elf/lib/libc.a(_ppfs_parsespec.o)
 *fill*         0x0000637a        0x2
 .bss           0x0000637c       0x1c /usr/local/arm_tools/lib/gcc-lib/arm-elf/3.0/libgcc.a(__main.o)
 .bss           0x00006398        0xc /usr/local/arm_tools/lib/gcc-lib/arm-elf/3.0/libgcc.a(unwind-dw2-fde.o)
 .bss           0x000063a4        0x4 /usr/local/arm_tools/lib/gcc-lib/arm-elf/3.0/libgcc.a(unwind-sjlj.o)
 *(.bss.*)
 *(COMMON)
 *fill*         0x000063a8        0x8
 COMMON         0x000063b0       0x80 /usr/local/arm_tools/arm-elf/lib/libc.a(signal.o)
                                  0x0 (size before relaxing)
                0x000063b0                _sigintr
 COMMON         0x00006430       0x58 /usr/local/arm_tools/arm-elf/lib/libc.a(_ppfs_parsespec.o)
                                  0x0 (size before relaxing)
                0x00006430                _custom_printf_arginfo
                0x00006460                _custom_printf_handler
 COMMON         0x00006488        0x4 /usr/local/arm_tools/lib/gcc-lib/arm-elf/3.0/libgcc.a(__main.o)
                                  0x0 (size before relaxing)
                0x00006488                __EH_FRAME_BEGIN__
                0x0000648c                .=ALIGN(0x4)
                0x0000648c                __bss_end__=.
                0x0000648c                _end=.
                0x0000648c                end=.
LOAD shutdown.o
LOAD libsash/libsash.a
LOAD /usr/local/arm_tools/arm-elf/lib/libc.a
LOAD /usr/local/arm_tools/lib/gcc-lib/arm-elf/3.0/libgcc.a
LOAD /usr/local/arm_tools/arm-elf/lib/libc.a
OUTPUT(shutdown.x elf32-littlearm)

.debug_abbrev   0x00000000      0x115
 .debug_abbrev  0x00000000       0x25 /usr/local/arm_tools/lib/gcc-lib/arm-elf/3.0/libgcc.a(__main.o)
 .debug_abbrev  0x00000025       0x12 /usr/local/arm_tools/lib/gcc-lib/arm-elf/3.0/libgcc.a(_ctors.o)
 .debug_abbrev  0x00000037       0x81 /usr/local/arm_tools/lib/gcc-lib/arm-elf/3.0/libgcc.a(unwind-dw2-fde.o)
 .debug_abbrev  0x000000b8       0x5d /usr/local/arm_tools/lib/gcc-lib/arm-elf/3.0/libgcc.a(unwind-sjlj.o)

.debug_info     0x00000000      0xa7c
 .debug_info    0x00000000       0xb3 /usr/local/arm_tools/lib/gcc-lib/arm-elf/3.0/libgcc.a(__main.o)
 .debug_info    0x000000b3       0x57 /usr/local/arm_tools/lib/gcc-lib/arm-elf/3.0/libgcc.a(_ctors.o)
 .debug_info    0x0000010a      0x5e5 /usr/local/arm_tools/lib/gcc-lib/arm-elf/3.0/libgcc.a(unwind-dw2-fde.o)
 .debug_info    0x000006ef      0x38d /usr/local/arm_tools/lib/gcc-lib/arm-elf/3.0/libgcc.a(unwind-sjlj.o)

.debug_line     0x00000000      0x159
 .debug_line    0x00000000       0x43 /usr/local/arm_tools/lib/gcc-lib/arm-elf/3.0/libgcc.a(__main.o)
 .debug_line    0x00000043       0x43 /usr/local/arm_tools/lib/gcc-lib/arm-elf/3.0/libgcc.a(_ctors.o)
 .debug_line    0x00000086       0x7e /usr/local/arm_tools/lib/gcc-lib/arm-elf/3.0/libgcc.a(unwind-dw2-fde.o)
 .debug_line    0x00000104       0x55 /usr/local/arm_tools/lib/gcc-lib/arm-elf/3.0/libgcc.a(unwind-sjlj.o)

.debug_pubnames
                0x00000000      0x2ef
 .debug_pubnames
                0x00000000       0x4c /usr/local/arm_tools/lib/gcc-lib/arm-elf/3.0/libgcc.a(__main.o)
 .debug_pubnames
                0x0000004c      0x12c /usr/local/arm_tools/lib/gcc-lib/arm-elf/3.0/libgcc.a(unwind-dw2-fde.o)
 .debug_pubnames
                0x00000178      0x177 /usr/local/arm_tools/lib/gcc-lib/arm-elf/3.0/libgcc.a(unwind-sjlj.o)

.debug_aranges  0x00000000       0x60
 .debug_aranges
                0x00000000       0x20 /usr/local/arm_tools/lib/gcc-lib/arm-elf/3.0/libgcc.a(__main.o)
 .debug_aranges
                0x00000020       0x20 /usr/local/arm_tools/lib/gcc-lib/arm-elf/3.0/libgcc.a(unwind-dw2-fde.o)
 .debug_aranges
                0x00000040       0x20 /usr/local/arm_tools/lib/gcc-lib/arm-elf/3.0/libgcc.a(unwind-sjlj.o)
